Microchip MPLAB XC8 Compiler V2.36

Linker command line:

-W-3 --edf=C:\Eletronica\Microchip\xc8\v2.36\pic\dat\en_msgs.txt -cn \
  -h+dist/default/production\CLC_v121.X.production.sym \
  --cmf=dist/default/production\CLC_v121.X.production.cmf -z -Q16F18877 \
  -oC:\Users\rafae\AppData\Local\Temp\xcAs11o.4 --defsym=__MPLAB_BUILD=1 \
  -Mdist/default/production/CLC_v121.X.production.map \
  --md=C:\Users\rafae\AppData\Local\Temp\xcAs11o.dat -E1 -ver=XC8 Compiler \
  --acfsm=1493 -ACODE=00h-07FFhx16 -ASTRCODE=00h-07FFFh \
  -ASTRING=00h-0FFhx128 -ACONST=00h-0FFhx128 -AENTRY=00h-0FFhx128 \
  -ACOMMON=070h-07Fh -ABANK0=020h-06Fh -ABANK1=0A0h-0EFh \
  -ABANK2=0120h-016Fh -ABANK3=01A0h-01EFh -ABANK4=0220h-026Fh \
  -ABANK5=02A0h-02EFh -ABANK6=0320h-036Fh -ABANK7=03A0h-03EFh \
  -ABANK8=0420h-046Fh -ABANK9=04A0h-04EFh -ABANK10=0520h-056Fh \
  -ABANK11=05A0h-05EFh -ABANK12=0620h-066Fh -ABANK13=06A0h-06EFh \
  -ABANK14=0720h-076Fh -ABANK15=07A0h-07EFh -ABANK16=0820h-086Fh \
  -ABANK17=08A0h-08EFh -ABANK18=0920h-096Fh -ABANK19=09A0h-09EFh \
  -ABANK20=0A20h-0A6Fh -ABANK21=0AA0h-0AEFh -ABANK22=0B20h-0B6Fh \
  -ABANK23=0BA0h-0BEFh -ABANK24=0C20h-0C6Fh -ABANK25=0CA0h-0CEFh \
  -ABANK26=0D20h-0D6Fh -ABANK27=0DA0h-0DEFh -ABANK28=0E20h-0E6Fh \
  -ABANK29=0EA0h-0EEFh -ABANK30=0F20h-0F6Fh -ABANK31=0FA0h-0FEFh \
  -ABANK32=01020h-0106Fh -ABANK33=010A0h-010EFh -ABANK34=01120h-0116Fh \
  -ABANK35=011A0h-011EFh -ABANK36=01220h-0126Fh -ABANK37=012A0h-012EFh \
  -ABANK38=01320h-0136Fh -ABANK39=013A0h-013EFh -ABANK40=01420h-0146Fh \
  -ABANK41=014A0h-014EFh -ABANK42=01520h-0156Fh -ABANK43=015A0h-015EFh \
  -ABANK44=01620h-0166Fh -ABANK45=016A0h-016EFh -ABANK46=01720h-0176Fh \
  -ABANK47=017A0h-017EFh -ABANK48=01820h-0186Fh -ABANK49=018A0h-018EFh \
  -ABANK50=01920h-0196Fh -ABIGRAM=02000h-02FEFh \
  -ARAM=020h-06Fh,0A0h-0EFh,0120h-016Fh,01A0h-01EFh,0220h-026Fh,02A0h-02EFh,0320h-036Fh,03A0h-03EFh,0420h-046Fh,04A0h-04EFh,0520h-056Fh,05A0h-05EFh,0620h-066Fh,06A0h-06EFh,0720h-076Fh,07A0h-07EFh,0820h-086Fh,08A0h-08EFh,0920h-096Fh,09A0h-09EFh,0A20h-0A6Fh,0AA0h-0AEFh,0B20h-0B6Fh,0BA0h-0BEFh,0C20h-0C6Fh,0CA0h-0CEFh,0D20h-0D6Fh,0DA0h-0DEFh,0E20h-0E6Fh,0EA0h-0EEFh,0F20h-0F6Fh,0FA0h-0FEFh,01020h-0106Fh,010A0h-010EFh,01120h-0116Fh,011A0h-011EFh,01220h-0126Fh,012A0h-012EFh,01320h-0136Fh,013A0h-013EFh,01420h-0146Fh,014A0h-014EFh,01520h-0156Fh,015A0h-015EFh,01620h-0166Fh,016A0h-016EFh,01720h-0176Fh,017A0h-017EFh,01820h-0186Fh,018A0h-018EFh,01920h-0196Fh \
  -AABS1=020h-07Fh,0A0h-0EFh,0120h-016Fh,01A0h-01EFh,0220h-026Fh,02A0h-02EFh,0320h-036Fh,03A0h-03EFh,0420h-046Fh,04A0h-04EFh,0520h-056Fh,05A0h-05EFh,0620h-066Fh,06A0h-06EFh,0720h-076Fh,07A0h-07EFh,0820h-086Fh,08A0h-08EFh,0920h-096Fh,09A0h-09EFh,0A20h-0A6Fh,0AA0h-0AEFh,0B20h-0B6Fh,0BA0h-0BEFh,0C20h-0C6Fh,0CA0h-0CEFh,0D20h-0D6Fh,0DA0h-0DEFh,0E20h-0E6Fh,0EA0h-0EEFh,0F20h-0F6Fh,0FA0h-0FEFh,01020h-0106Fh,010A0h-010EFh,01120h-0116Fh,011A0h-011EFh,01220h-0126Fh,012A0h-012EFh,01320h-0136Fh,013A0h-013EFh,01420h-0146Fh,014A0h-014EFh,01520h-0156Fh,015A0h-015EFh,01620h-0166Fh,016A0h-016EFh,01720h-0176Fh,017A0h-017EFh,01820h-0186Fh,018A0h-018EFh,01920h-0196Fh \
  -ASFR0=00h-01Fh -ASFR1=080h-09Fh -ASFR2=0100h-011Fh -ASFR3=0180h-019Fh \
  -ASFR4=0200h-021Fh -ASFR5=0280h-029Fh -ASFR6=0300h-031Fh \
  -ASFR7=0380h-039Fh -ASFR8=0400h-041Fh -ASFR9=0480h-049Fh \
  -ASFR10=0500h-051Fh -ASFR11=0580h-059Fh -ASFR12=0600h-061Fh \
  -ASFR13=0680h-069Fh -ASFR14=0700h-071Fh -ASFR15=0780h-079Fh \
  -ASFR16=0800h-081Fh -ASFR17=0880h-089Fh -ASFR18=0900h-091Fh \
  -ASFR19=0980h-099Fh -ASFR20=0A00h-0A1Fh -ASFR21=0A80h-0A9Fh \
  -ASFR22=0B00h-0B1Fh -ASFR23=0B80h-0B9Fh -ASFR24=0C00h-0C1Fh \
  -ASFR25=0C80h-0C9Fh -ASFR26=0D00h-0D1Fh -ASFR27=0D80h-0D9Fh \
  -ASFR28=0E00h-0E1Fh -ASFR29=0E80h-0E9Fh -ASFR30=0F00h-0F1Fh \
  -ASFR31=0F80h-0F9Fh -ASFR32=01000h-0101Fh -ASFR33=01080h-0109Fh \
  -ASFR34=01100h-0111Fh -ASFR35=01180h-0119Fh -ASFR36=01200h-0121Fh \
  -ASFR37=01280h-0129Fh -ASFR38=01300h-0131Fh -ASFR39=01380h-0139Fh \
  -ASFR40=01400h-0141Fh -ASFR41=01480h-0149Fh -ASFR42=01500h-0151Fh \
  -ASFR43=01580h-0159Fh -ASFR44=01600h-0161Fh -ASFR45=01680h-0169Fh \
  -ASFR46=01700h-0171Fh -ASFR47=01780h-0179Fh -ASFR48=01800h-0181Fh \
  -ASFR49=01880h-0189Fh -ASFR50=01900h-0191Fh -ASFR51=01980h-019EFh \
  -ASFR52=01A00h-01A6Fh -ASFR53=01A80h-01AEFh -ASFR54=01B00h-01B6Fh \
  -ASFR55=01B80h-01BEFh -ASFR56=01C00h-01C6Fh -ASFR57=01C80h-01CEFh \
  -ASFR58=01D00h-01D6Fh -ASFR59=01D80h-01DEFh -ASFR60=01E00h-01E6Fh \
  -ASFR61=01E80h-01EEFh -ASFR62=01F00h-01F6Fh -ASFR63=01F80h-01FEFh \
  -ACONFIG=08007h-0800Bh -DCONFIG=2 -AIDLOC=08000h-08003h -DIDLOC=2 \
  -AEEDATA=00h-0FFh/0F000h -peeprom_data=EEDATA -DEEDATA=2 -DCODE=2 \
  -DSTRCODE=2 -DSTRING=2 -DCONST=2 -DENTRY=2 \
  -preset_vec=00h,intentry=04h,init,end_init -ppowerup=CODE -pcinit=CODE \
  -pfunctab=ENTRY -k C:\Users\rafae\AppData\Local\Temp\xcAs11o.o \
  dist/default/production\CLC_v121.X.production.o 

Object code version is 3.11

Machine type is 16F18877



                Name                               Link     Load   Length Selector   Space Scale
C:\Users\rafae\AppData\Local\Temp\xcAs11o.o
                end_init                             40       40        2        8       0
                reset_vec                             0        0        2        0       0
                config                             8007     8007        5        0       4
                idloc                              8000     8000        4        0       5
dist/default/production\CLC_v121.X.production.o
                cinit                                42       42       6A        8       0
                intentry                              4        4       3C        8       0
                config                             8007     8007        5        0       4
                idloc                              8000     8000        4        0       5
                text120                            5F0D     5F0D       10     BE1A       0
                text119                            5F9F     5F9F       18     BF3E       0
                text118                            5E4B     5E4B        3     BC96       0
                text117                            3800     3800        1     6B44       0
                text116                            5E51     5E51        4     BCA2       0
                text115                            52B1     52B1       36     A562       0
                text114                            50F0     50F0       20     A1E0       0
                text113                            5EB9     5EB9        D     BD72       0
                text112                            5EC6     5EC6        D     BD8C       0
                text111                            3801     3801        1     7002       0
                text110                            5074     5074       1F     A0E8       0
                text109                            2000     2000        1     3B30       0
                text108                            1C86     1C86        1     390C       0
                text107                            2800     2800        D     40BA       0
                text106                            5F1D     5F1D       10     BE3A       0
                text105                            5585     5585       63     AB0A       0
                text104                            1C87     1C87        1     390E       0
                text103                            5EA1     5EA1        C     BD42       0
                text101                            5FB7     5FB7       18     BF6E       0
                text100                            5F4F     5F4F       13     BE9E       0
                text99                             5E99     5E99        8     BD32       0
                text98                             5418     5418       43     A830       0
                text97                             5EEF     5EEF        F     BDDE       0
                text96                             5FE7     5FE7       19     BFCE       0
                text95                             5F62     5F62       13     BEC4       0
                text94                             5F75     5F75       13     BEEA       0
                text93                             5E75     5E75        6     BCEA       0
                text92                             5E61     5E61        5     BCC2       0
                text91                             5E7B     5E7B        6     BCF6       0
                text90                             5E66     5E66        5     BCCC       0
                text89                             5E81     5E81        6     BD02       0
                text88                             5E87     5E87        6     BD0E       0
                text87                             5394     5394       42     A728       0
                text86                             5E55     5E55        4     BCAA       0
                text85                             5ED3     5ED3        E     BDA6       0
                text84                             2001     2001        9     4002       0
                text83                             5E8D     5E8D        6     BD1A       0
                text82                             5E6B     5E6B        5     BCD6       0
                text81                             5E70     5E70        5     BCE0       0
                text80                             56B3     56B3       6D     AD66       0
                text79                             4800     4800        8     8D0E       0
                text78                             5E93     5E93        6     BD26       0
                text77                             5056     5056       1E     A0AC       0
                text76                             5F2D     5F2D       10     BE5A       0
                text75                             5001     5001        6     A002       0
                text74                             3000     3000       15     5326       0
                text73                             5EFE     5EFE        F     BDFC       0
                text72                             5F88     5F88       17     BF10       0
                text71                             51F7     51F7       2D     A3EE       0
                text70                             4955     4955       81     92AA       0
                text69                             4002     4002       2F     8004       0
                text68                             5F3D     5F3D       12     BE7A       0
                text67                             3015     3015      120     602A       0
                text66                             5093     5093       1F     A126       0
                text65                             3135     3135      218     626A       0
                text64                             55E8     55E8       65     ABD0       0
                text63                             51A0     51A0       2B     A340       0
                text62                             4ADB     4ADB       96     95B6       0
                text61                             51CB     51CB       2C     A396       0
                text60                             4687     4687      179     8D0E       0
                text59                             485A     485A       7D     90B4       0
                text58                             1C91     1C91      107     3922       0
                text57                             5534     5534       51     AA68       0
                text56                             564D     564D       66     AC9A       0
                text55                             3C50     3C50      1CF     78A0       0
                text54                             4D51     4D51       AD     9AA2       0
                text53                             280D     280D      186     501A       0
                text52                             4517     4517      170     8A2E       0
                text51                             531D     531D       37     A63A       0
                text50                             38F6     38F6      1A9     71EC       0
                text49                             5354     5354       40     A6A8       0
                text48                             5224     5224       2D     A448       0
                text47                             50B2     50B2       1F     A164       0
                text46                             52E7     52E7       36     A5CE       0
                text45                             5007     5007       19     A00E       0
                text44                             4129     4129      13F     8252       0
                text43                             5251     5251       2D     A4A2       0
                text42                             1D98     1D98      268     3B30       0
                text41                             4DFE     4DFE       CB     9BFC       0
                text40                             54E9     54E9       4B     A9D2       0
                text39                             4EC9     4EC9      137     9D92       0
                text38                             200A     200A       53     4014       0
                text37                             43BC     43BC      15B     8778       0
                text36                             54A0     54A0       49     A940       0
                text35                             1C88     1C88        9     3910       0
                text34                             3E1F     3E1F      1E1     7C3E       0
                text33                             527E     527E       33     A4FC       0
                text32                             53D6     53D6       42     A7AC       0
                text31                             5020     5020       1B     A040       0
                text30                             4B71     4B71       9B     96E2       0
                text29                             4C0C     4C0C       9C     9818       0
                text28                             5110     5110       21     A220       0
                text27                             50D1     50D1       1F     A1A2       0
                text26                             4268     4268      154     84D0       0
                text25                             5EE1     5EE1        E     BDC2       0
                text24                             5152     5152       25     A2A4       0
                text23                             5E59     5E59        4     BCB2       0
                text22                             4808     4808       52     9010       0
                text21                             545B     545B       45     A8B6       0
                text20                             35A2     35A2      25E     6B44       0
                text19                             205D     205D      7A3     40BA       0
                text18                             503B     503B       1B     A076       0
                text17                             5FCF     5FCF       18     BF9E       0
                text16                             5131     5131       21     A262       0
                text15                             48D7     48D7       7E     91AE       0
                text14                             4A57     4A57       84     94AE       0
                text13                             5177     5177       29     A2EE       0
                text12                             5E4E     5E4E        3     BC9C       0
                text11                             5720     5720       6D     AE40       0
                text10                                2        2        1        0       0
                text9                                 3        3        1        6       0
                text8                              4CA8     4CA8       A9     9950       0
                text7                              4031     4031       F8     8062       0
                text6                              578D     578D       73     AF1A       0
                text5                              49D6     49D6       81     93AC       0
                text4                              3823     3823       D3     7046       0
                text3                              3802     3802       21     7004       0
                text2                              2993     2993      66D     5326       0
                text1                              3A9F     3A9F      1B1     753E       0
                maintext                           334D     334D      255     669A       0
                cstackBANK0                          20       20       50       20       1
                cstackCOMMON                         70       70        C       70       1
                cstackBANK1                          A0       A0       49       A0       1
                cstackBANK4                         26A      26A        2      220       1
                clrtext                            5EAD     5EAD        C     BD5A       0
                bssBANK7                            3A0      3A0       20      3A0       1
                bssBANK6                            320      320       40      320       1
                bssBANK5                            2A0      2A0       3A      2A0       1
                bssBANK4                            220      220       48      220       1
                bssBANK3                            1A0      1A0       44      1A0       1
                dataBANK2                           16C      16C        4      120       1
                bssBANK2                            120      120       41      120       1
                bssBANK1                             E9       E9        7       A0       1
                bssCOMMON                            7C       7C        1       70       1
                stringtext40                       61A6     61A6        5     C000       0
                stringtext39                       61A0     61A0        6     C000       0
                stringtext38                       6199     6199        7     C000       0
                stringtext37                       6192     6192        7     C000       0
                stringtext36                       618A     618A        8     C000       0
                stringtext35                       6182     6182        8     C000       0
                stringtext34                       6179     6179        9     C000       0
                stringtext33                       6170     6170        9     C000       0
                stringtext32                       6167     6167        9     C000       0
                stringtext31                       615D     615D        A     C000       0
                stringtext30                       6153     6153        A     C000       0
                stringtext29                       6149     6149        A     C000       0
                stringtext28                       613E     613E        B     C000       0
                stringtext27                       6133     6133        B     C000       0
                stringtext26                       6128     6128        B     C000       0
                stringtext25                       611D     611D        B     C000       0
                stringtext24                       6111     6111        C     C000       0
                stringtext23                       6105     6105        C     C000       0
                stringtext22                       60F9     60F9        C     C000       0
                stringtext21                       60ED     60ED        C     C000       0
                stringtext20                       60E0     60E0        D     C000       0
                stringtext19                       60D2     60D2        E     C000       0
                stringtext18                       60C4     60C4        E     C000       0
                stringtext17                       60B5     60B5        F     C000       0
                stringtext16                       60A6     60A6        F     C000       0
                stringtext15                       6097     6097        F     C000       0
                stringtext14                       6088     6088        F     C000       0
                stringtext13                       6078     6078       10     C000       0
                stringtext12                       6068     6068       10     C000       0
                stringtext11                       6058     6058       10     C000       0
                stringtext10                       6048     6048       10     C000       0
                stringtext9                        6037     6037       11     C000       0
                stringtext8                        6026     6026       11     C000       0
                stringtext7                        6015     6015       11     C000       0
                stringtext6                        6000     6000       15     C000       0
                nvBANK4                             268      268        2      220       1
                nvBANK3                             1E4      1E4        C      1A0       1
                nvBANK2                             161      161        B      120       1
                stringtext5                        5868     5868       28     B000       0
                stringtext4                        61AB     61AB        4     C000       0
                stringtext3                        5834     5834       34     B000       0
                stringtext2                        5800     5800       34     B000       0
                stringtext1                          AC       AC     1BDA      158       0
                idataBANK2                         5E5D     5E5D        4     BCBA       0

TOTAL           Name                               Link     Load   Length     Space
        CLASS   CODE           
                end_init                             40       40        2         0
                cinit                                42       42       6A         0
                intentry                              4        4       3C         0
                reset_vec                             0        0        2         0
                text120                            5F0D     5F0D       10         0
                text119                            5F9F     5F9F       18         0
                text118                            5E4B     5E4B        3         0
                text117                            3800     3800        1         0
                text116                            5E51     5E51        4         0
                text115                            52B1     52B1       36         0
                text114                            50F0     50F0       20         0
                text113                            5EB9     5EB9        D         0
                text112                            5EC6     5EC6        D         0
                text111                            3801     3801        1         0
                text110                            5074     5074       1F         0
                text109                            2000     2000        1         0
                text108                            1C86     1C86        1         0
                text107                            2800     2800        D         0
                text106                            5F1D     5F1D       10         0
                text105                            5585     5585       63         0
                text104                            1C87     1C87        1         0
                text103                            5EA1     5EA1        C         0
                text101                            5FB7     5FB7       18         0
                text100                            5F4F     5F4F       13         0
                text99                             5E99     5E99        8         0
                text98                             5418     5418       43         0
                text97                             5EEF     5EEF        F         0
                text96                             5FE7     5FE7       19         0
                text95                             5F62     5F62       13         0
                text94                             5F75     5F75       13         0
                text93                             5E75     5E75        6         0
                text92                             5E61     5E61        5         0
                text91                             5E7B     5E7B        6         0
                text90                             5E66     5E66        5         0
                text89                             5E81     5E81        6         0
                text88                             5E87     5E87        6         0
                text87                             5394     5394       42         0
                text86                             5E55     5E55        4         0
                text85                             5ED3     5ED3        E         0
                text84                             2001     2001        9         0
                text83                             5E8D     5E8D        6         0
                text82                             5E6B     5E6B        5         0
                text81                             5E70     5E70        5         0
                text80                             56B3     56B3       6D         0
                text79                             4800     4800        8         0
                text78                             5E93     5E93        6         0
                text77                             5056     5056       1E         0
                text76                             5F2D     5F2D       10         0
                text75                             5001     5001        6         0
                text74                             3000     3000       15         0
                text73                             5EFE     5EFE        F         0
                text72                             5F88     5F88       17         0
                text71                             51F7     51F7       2D         0
                text70                             4955     4955       81         0
                text69                             4002     4002       2F         0
                text68                             5F3D     5F3D       12         0
                text67                             3015     3015      120         0
                text66                             5093     5093       1F         0
                text65                             3135     3135      218         0
                text64                             55E8     55E8       65         0
                text63                             51A0     51A0       2B         0
                text62                             4ADB     4ADB       96         0
                text61                             51CB     51CB       2C         0
                text60                             4687     4687      179         0
                text59                             485A     485A       7D         0
                text58                             1C91     1C91      107         0
                text57                             5534     5534       51         0
                text56                             564D     564D       66         0
                text55                             3C50     3C50      1CF         0
                text54                             4D51     4D51       AD         0
                text53                             280D     280D      186         0
                text52                             4517     4517      170         0
                text51                             531D     531D       37         0
                text50                             38F6     38F6      1A9         0
                text49                             5354     5354       40         0
                text48                             5224     5224       2D         0
                text47                             50B2     50B2       1F         0
                text46                             52E7     52E7       36         0
                text45                             5007     5007       19         0
                text44                             4129     4129      13F         0
                text43                             5251     5251       2D         0
                text42                             1D98     1D98      268         0
                text41                             4DFE     4DFE       CB         0
                text40                             54E9     54E9       4B         0
                text39                             4EC9     4EC9      137         0
                text38                             200A     200A       53         0
                text37                             43BC     43BC      15B         0
                text36                             54A0     54A0       49         0
                text35                             1C88     1C88        9         0
                text34                             3E1F     3E1F      1E1         0
                text33                             527E     527E       33         0
                text32                             53D6     53D6       42         0
                text31                             5020     5020       1B         0
                text30                             4B71     4B71       9B         0
                text29                             4C0C     4C0C       9C         0
                text28                             5110     5110       21         0
                text27                             50D1     50D1       1F         0
                text26                             4268     4268      154         0
                text25                             5EE1     5EE1        E         0
                text24                             5152     5152       25         0
                text23                             5E59     5E59        4         0
                text22                             4808     4808       52         0
                text21                             545B     545B       45         0
                text20                             35A2     35A2      25E         0
                text19                             205D     205D      7A3         0
                text18                             503B     503B       1B         0
                text17                             5FCF     5FCF       18         0
                text16                             5131     5131       21         0
                text15                             48D7     48D7       7E         0
                text14                             4A57     4A57       84         0
                text13                             5177     5177       29         0
                text12                             5E4E     5E4E        3         0
                text11                             5720     5720       6D         0
                text10                                2        2        1         0
                text9                                 3        3        1         0
                text8                              4CA8     4CA8       A9         0
                text7                              4031     4031       F8         0
                text6                              578D     578D       73         0
                text5                              49D6     49D6       81         0
                text4                              3823     3823       D3         0
                text3                              3802     3802       21         0
                text2                              2993     2993      66D         0
                text1                              3A9F     3A9F      1B1         0
                maintext                           334D     334D      255         0
                clrtext                            5EAD     5EAD        C         0
                idataBANK2                         5E5D     5E5D        4         0

        CLASS   STRCODE        
                stringtext40                       61A6     61A6        5         0
                stringtext39                       61A0     61A0        6         0
                stringtext38                       6199     6199        7         0
                stringtext37                       6192     6192        7         0
                stringtext36                       618A     618A        8         0
                stringtext35                       6182     6182        8         0
                stringtext34                       6179     6179        9         0
                stringtext33                       6170     6170        9         0
                stringtext32                       6167     6167        9         0
                stringtext31                       615D     615D        A         0
                stringtext30                       6153     6153        A         0
                stringtext29                       6149     6149        A         0
                stringtext28                       613E     613E        B         0
                stringtext27                       6133     6133        B         0
                stringtext26                       6128     6128        B         0
                stringtext25                       611D     611D        B         0
                stringtext24                       6111     6111        C         0
                stringtext23                       6105     6105        C         0
                stringtext22                       60F9     60F9        C         0
                stringtext21                       60ED     60ED        C         0
                stringtext20                       60E0     60E0        D         0
                stringtext19                       60D2     60D2        E         0
                stringtext18                       60C4     60C4        E         0
                stringtext17                       60B5     60B5        F         0
                stringtext16                       60A6     60A6        F         0
                stringtext15                       6097     6097        F         0
                stringtext14                       6088     6088        F         0
                stringtext13                       6078     6078       10         0
                stringtext12                       6068     6068       10         0
                stringtext11                       6058     6058       10         0
                stringtext10                       6048     6048       10         0
                stringtext9                        6037     6037       11         0
                stringtext8                        6026     6026       11         0
                stringtext7                        6015     6015       11         0
                stringtext6                        6000     6000       15         0
                stringtext5                        5868     5868       28         0
                stringtext4                        61AB     61AB        4         0
                stringtext3                        5834     5834       34         0
                stringtext2                        5800     5800       34         0
                stringtext1                          AC       AC     1BDA         0

        CLASS   STRING         

        CLASS   CONST          

        CLASS   ENTRY          

        CLASS   COMMON         
                cstackCOMMON                         70       70        C         1
                bssCOMMON                            7C       7C        1         1

        CLASS   BANK0          
                cstackBANK0                          20       20       50         1

        CLASS   BANK1          
                cstackBANK1                          A0       A0       49         1
                bssBANK1                             E9       E9        7         1

        CLASS   BANK2          
                dataBANK2                           16C      16C        4         1
                bssBANK2                            120      120       41         1
                nvBANK2                             161      161        B         1

        CLASS   BANK3          
                bssBANK3                            1A0      1A0       44         1
                nvBANK3                             1E4      1E4        C         1

        CLASS   BANK4          
                cstackBANK4                         26A      26A        2         1
                bssBANK4                            220      220       48         1
                nvBANK4                             268      268        2         1

        CLASS   BANK5          
                bssBANK5                            2A0      2A0       3A         1

        CLASS   BANK6          
                bssBANK6                            320      320       40         1

        CLASS   BANK7          
                bssBANK7                            3A0      3A0       20         1

        CLASS   BANK8          

        CLASS   BANK9          

        CLASS   BANK10         

        CLASS   BANK11         

        CLASS   BANK12         

        CLASS   BANK13         

        CLASS   BANK14         

        CLASS   BANK15         

        CLASS   BANK16         

        CLASS   BANK17         

        CLASS   BANK18         

        CLASS   BANK19         

        CLASS   BANK20         

        CLASS   BANK21         

        CLASS   BANK22         

        CLASS   BANK23         

        CLASS   BANK24         

        CLASS   BANK25         

        CLASS   BANK26         

        CLASS   BANK27         

        CLASS   BANK28         

        CLASS   BANK29         

        CLASS   BANK30         

        CLASS   BANK31         

        CLASS   BANK32         

        CLASS   BANK33         

        CLASS   BANK34         

        CLASS   BANK35         

        CLASS   BANK36         

        CLASS   BANK37         

        CLASS   BANK38         

        CLASS   BANK39         

        CLASS   BANK40         

        CLASS   BANK41         

        CLASS   BANK42         

        CLASS   BANK43         

        CLASS   BANK44         

        CLASS   BANK45         

        CLASS   BANK46         

        CLASS   BANK47         

        CLASS   BANK48         

        CLASS   BANK49         

        CLASS   BANK50         

        CLASS   BIGRAM         

        CLASS   RAM            

        CLASS   ABS1           
                abs_s1                               7E       7E        2         1
                abs_s1                             17E8     17E8        8         1
                abs_s1                             1820     1820       50         1
                abs_s1                             18A0     18A0       50         1
                abs_s1                             1920     1920       50         1
                abs_s1                             2EF8     2EF8        0         1

        CLASS   SFR0           

        CLASS   SFR1           

        CLASS   SFR2           

        CLASS   SFR3           

        CLASS   SFR4           

        CLASS   SFR5           

        CLASS   SFR6           

        CLASS   SFR7           

        CLASS   SFR8           

        CLASS   SFR9           

        CLASS   SFR10          

        CLASS   SFR11          

        CLASS   SFR12          

        CLASS   SFR13          

        CLASS   SFR14          

        CLASS   SFR15          

        CLASS   SFR16          

        CLASS   SFR17          

        CLASS   SFR18          

        CLASS   SFR19          

        CLASS   SFR20          

        CLASS   SFR21          

        CLASS   SFR22          

        CLASS   SFR23          

        CLASS   SFR24          

        CLASS   SFR25          

        CLASS   SFR26          

        CLASS   SFR27          

        CLASS   SFR28          

        CLASS   SFR29          

        CLASS   SFR30          

        CLASS   SFR31          

        CLASS   SFR32          

        CLASS   SFR33          

        CLASS   SFR34          

        CLASS   SFR35          

        CLASS   SFR36          

        CLASS   SFR37          

        CLASS   SFR38          

        CLASS   SFR39          

        CLASS   SFR40          

        CLASS   SFR41          

        CLASS   SFR42          

        CLASS   SFR43          

        CLASS   SFR44          

        CLASS   SFR45          

        CLASS   SFR46          

        CLASS   SFR47          

        CLASS   SFR48          

        CLASS   SFR49          

        CLASS   SFR50          

        CLASS   SFR51          

        CLASS   SFR52          

        CLASS   SFR53          

        CLASS   SFR54          

        CLASS   SFR55          

        CLASS   SFR56          

        CLASS   SFR57          

        CLASS   SFR58          

        CLASS   SFR59          

        CLASS   SFR60          

        CLASS   SFR61          

        CLASS   SFR62          

        CLASS   SFR63          

        CLASS   CONFIG         
                config                             8007     8007        5         4

        CLASS   IDLOC          
                idloc                              8000     8000        4         5

        CLASS   EEDATA         

        CLASS   BANK63         

        CLASS   BANK62         

        CLASS   BANK61         

        CLASS   BANK60         

        CLASS   BANK59         

        CLASS   BANK58         

        CLASS   BANK57         

        CLASS   BANK56         

        CLASS   BANK55         

        CLASS   BANK54         

        CLASS   BANK53         

        CLASS   BANK52         

        CLASS   BANK51         

        CLASS   HEAP           

        CLASS   STACK          



SEGMENTS        Name                           Load    Length   Top    Selector   Space  Class     Delta

                reset_vec                      000000  000003  000003         0       0  CODE        2
                text9                          000003  000001  000004         6       0  CODE        2
                intentry                       000004  0000A8  0000AC         8       0  CODE        2
                cstackBANK0                    000020  000050  000070        20       1  BANK0       1
                cstackCOMMON                   000070  00000D  00007D        70       1  COMMON      1
                cstackBANK1                    0000A0  000050  0000F0        A0       1  BANK1       1
                bssBANK2                       000120  000050  000170       120       1  BANK2       1
                stringtext1                    0000AC  001BDA  001C86       158       0  STRCODE     2
                bssBANK3                       0001A0  000050  0001F0       1A0       1  BANK3       1
                bssBANK4                       000220  00004C  00026C       220       1  BANK4       1
                bssBANK5                       0002A0  00003A  0002DA       2A0       1  BANK5       1
                bssBANK6                       000320  000040  000360       320       1  BANK6       1
                bssBANK7                       0003A0  000020  0003C0       3A0       1  BANK7       1
                text108                        001C86  000001  001C87      390C       0  CODE        2
                text104                        001C87  000001  001C88      390E       0  CODE        2
                text35                         001C88  000009  001C91      3910       0  CODE        2
                text58                         001C91  000107  001D98      3922       0  CODE        2
                text42                         001D98  000269  002001      3B30       0  CODE        2
                text84                         002001  000009  00200A      4002       0  CODE        2
                text38                         00200A  000053  00205D      4014       0  CODE        2
                text19                         00205D  0007B0  00280D      40BA       0  CODE        2
                text53                         00280D  000186  002993      501A       0  CODE        2
                text2                          002993  000682  003015      5326       0  CODE        2
                text67                         003015  000120  003135      602A       0  CODE        2
                text65                         003135  000218  00334D      626A       0  CODE        2
                maintext                       00334D  000255  0035A2      669A       0  CODE        2
                text20                         0035A2  00025F  003801      6B44       0  CODE        2
                text111                        003801  000001  003802      7002       0  CODE        2
                text3                          003802  000021  003823      7004       0  CODE        2
                text4                          003823  0000D3  0038F6      7046       0  CODE        2
                text50                         0038F6  0001A9  003A9F      71EC       0  CODE        2
                text1                          003A9F  0001B1  003C50      753E       0  CODE        2
                text55                         003C50  0001CF  003E1F      78A0       0  CODE        2
                text34                         003E1F  0001E1  004000      7C3E       0  CODE        2
                text69                         004002  00002F  004031      8004       0  CODE        2
                text7                          004031  0000F8  004129      8062       0  CODE        2
                text44                         004129  00013F  004268      8252       0  CODE        2
                text26                         004268  000154  0043BC      84D0       0  CODE        2
                text37                         0043BC  00015B  004517      8778       0  CODE        2
                text52                         004517  000170  004687      8A2E       0  CODE        2
                text60                         004687  000181  004808      8D0E       0  CODE        2
                text22                         004808  000052  00485A      9010       0  CODE        2
                text59                         00485A  00007D  0048D7      90B4       0  CODE        2
                text15                         0048D7  00007E  004955      91AE       0  CODE        2
                text70                         004955  000081  0049D6      92AA       0  CODE        2
                text5                          0049D6  000081  004A57      93AC       0  CODE        2
                text14                         004A57  000084  004ADB      94AE       0  CODE        2
                text62                         004ADB  000096  004B71      95B6       0  CODE        2
                text30                         004B71  00009B  004C0C      96E2       0  CODE        2
                text29                         004C0C  00009C  004CA8      9818       0  CODE        2
                text8                          004CA8  0000A9  004D51      9950       0  CODE        2
                text54                         004D51  0000AD  004DFE      9AA2       0  CODE        2
                text41                         004DFE  0000CB  004EC9      9BFC       0  CODE        2
                text39                         004EC9  000137  005000      9D92       0  CODE        2
                text75                         005001  000006  005007      A002       0  CODE        2
                text45                         005007  000019  005020      A00E       0  CODE        2
                text31                         005020  00001B  00503B      A040       0  CODE        2
                text18                         00503B  00001B  005056      A076       0  CODE        2
                text77                         005056  00001E  005074      A0AC       0  CODE        2
                text110                        005074  00001F  005093      A0E8       0  CODE        2
                text66                         005093  00001F  0050B2      A126       0  CODE        2
                text47                         0050B2  00001F  0050D1      A164       0  CODE        2
                text27                         0050D1  00001F  0050F0      A1A2       0  CODE        2
                text114                        0050F0  000020  005110      A1E0       0  CODE        2
                text28                         005110  000021  005131      A220       0  CODE        2
                text16                         005131  000021  005152      A262       0  CODE        2
                text24                         005152  000025  005177      A2A4       0  CODE        2
                text13                         005177  000029  0051A0      A2EE       0  CODE        2
                text63                         0051A0  00002B  0051CB      A340       0  CODE        2
                text61                         0051CB  00002C  0051F7      A396       0  CODE        2
                text71                         0051F7  00002D  005224      A3EE       0  CODE        2
                text48                         005224  00002D  005251      A448       0  CODE        2
                text43                         005251  00002D  00527E      A4A2       0  CODE        2
                text33                         00527E  000033  0052B1      A4FC       0  CODE        2
                text115                        0052B1  000036  0052E7      A562       0  CODE        2
                text46                         0052E7  000036  00531D      A5CE       0  CODE        2
                text51                         00531D  000037  005354      A63A       0  CODE        2
                text49                         005354  000040  005394      A6A8       0  CODE        2
                text87                         005394  000042  0053D6      A728       0  CODE        2
                text32                         0053D6  000042  005418      A7AC       0  CODE        2
                text98                         005418  000043  00545B      A830       0  CODE        2
                text21                         00545B  000045  0054A0      A8B6       0  CODE        2
                text36                         0054A0  000049  0054E9      A940       0  CODE        2
                text40                         0054E9  00004B  005534      A9D2       0  CODE        2
                text57                         005534  000051  005585      AA68       0  CODE        2
                text105                        005585  000063  0055E8      AB0A       0  CODE        2
                text64                         0055E8  000065  00564D      ABD0       0  CODE        2
                text56                         00564D  000066  0056B3      AC9A       0  CODE        2
                text80                         0056B3  00006D  005720      AD66       0  CODE        2
                text11                         005720  00006D  00578D      AE40       0  CODE        2
                text6                          00578D  000073  005800      AF1A       0  CODE        2
                stringtext2                    005800  000090  005890      B000       0  STRCODE     2
                text118                        005E4B  000003  005E4E      BC96       0  CODE        2
                text12                         005E4E  000003  005E51      BC9C       0  CODE        2
                text116                        005E51  000004  005E55      BCA2       0  CODE        2
                text86                         005E55  000004  005E59      BCAA       0  CODE        2
                text23                         005E59  000004  005E5D      BCB2       0  CODE        2
                idataBANK2                     005E5D  000004  005E61      BCBA       0  CODE        2
                text92                         005E61  000005  005E66      BCC2       0  CODE        2
                text90                         005E66  000005  005E6B      BCCC       0  CODE        2
                text82                         005E6B  000005  005E70      BCD6       0  CODE        2
                text81                         005E70  000005  005E75      BCE0       0  CODE        2
                text93                         005E75  000006  005E7B      BCEA       0  CODE        2
                text91                         005E7B  000006  005E81      BCF6       0  CODE        2
                text89                         005E81  000006  005E87      BD02       0  CODE        2
                text88                         005E87  000006  005E8D      BD0E       0  CODE        2
                text83                         005E8D  000006  005E93      BD1A       0  CODE        2
                text78                         005E93  000006  005E99      BD26       0  CODE        2
                text99                         005E99  000008  005EA1      BD32       0  CODE        2
                text103                        005EA1  00000C  005EAD      BD42       0  CODE        2
                clrtext                        005EAD  00000C  005EB9      BD5A       0  CODE        2
                text113                        005EB9  00000D  005EC6      BD72       0  CODE        2
                text112                        005EC6  00000D  005ED3      BD8C       0  CODE        2
                text85                         005ED3  00000E  005EE1      BDA6       0  CODE        2
                text25                         005EE1  00000E  005EEF      BDC2       0  CODE        2
                text97                         005EEF  00000F  005EFE      BDDE       0  CODE        2
                text73                         005EFE  00000F  005F0D      BDFC       0  CODE        2
                text120                        005F0D  000010  005F1D      BE1A       0  CODE        2
                text106                        005F1D  000010  005F2D      BE3A       0  CODE        2
                text76                         005F2D  000010  005F3D      BE5A       0  CODE        2
                text68                         005F3D  000012  005F4F      BE7A       0  CODE        2
                text100                        005F4F  000013  005F62      BE9E       0  CODE        2
                text95                         005F62  000013  005F75      BEC4       0  CODE        2
                text94                         005F75  000013  005F88      BEEA       0  CODE        2
                text72                         005F88  000017  005F9F      BF10       0  CODE        2
                text119                        005F9F  000018  005FB7      BF3E       0  CODE        2
                text101                        005FB7  000018  005FCF      BF6E       0  CODE        2
                text17                         005FCF  000018  005FE7      BF9E       0  CODE        2
                text96                         005FE7  000019  006000      BFCE       0  CODE        2
                stringtext6                    006000  0001AF  0061AF      C000       0  STRCODE     2


UNUSED ADDRESS RANGES

        Name                Unused          Largest block    Delta
        BANK10           00520-0056F              50           1
        BANK11           005A0-005EF              50           1
        BANK12           00620-0066F              50           1
        BANK13           006A0-006EF              50           1
        BANK14           00720-0076F              50           1
        BANK15           007A0-007EF              50           1
        BANK16           00820-0086F              50           1
        BANK17           008A0-008EF              50           1
        BANK18           00920-0096F              50           1
        BANK19           009A0-009EF              50           1
        BANK20           00A20-00A6F              50           1
        BANK21           00AA0-00AEF              50           1
        BANK22           00B20-00B6F              50           1
        BANK23           00BA0-00BEF              50           1
        BANK24           00C20-00C6F              50           1
        BANK25           00CA0-00CEF              50           1
        BANK26           00D20-00D6F              50           1
        BANK27           00DA0-00DEF              50           1
        BANK28           00E20-00E6F              50           1
        BANK29           00EA0-00EEF              50           1
        BANK30           00F20-00F6F              50           1
        BANK31           00FA0-00FEF              50           1
        BANK32           01020-0106F              50           1
        BANK33           010A0-010EF              50           1
        BANK34           01120-0116F              50           1
        BANK35           011A0-011EF              50           1
        BANK36           01220-0126F              50           1
        BANK37           012A0-012EF              50           1
        BANK38           01320-0136F              50           1
        BANK39           013A0-013EF              50           1
        BANK4            0026C-0026F               4           1
        BANK40           01420-0146F              50           1
        BANK41           014A0-014EF              50           1
        BANK42           01520-0156F              50           1
        BANK43           015A0-015EF              50           1
        BANK44           01620-0166F              50           1
        BANK45           016A0-016EF              50           1
        BANK46           01720-0176F              50           1
        BANK47           017A0-017E7              48           1
        BANK5            002DA-002EF              16           1
        BANK6            00360-0036F              10           1
        BANK7            003C0-003EF              30           1
        BANK8            00420-0046F              50           1
        BANK9            004A0-004EF              50           1
        BIGRAM           02000-02FEF             FF0           1
        CODE             04000-04001               2           2
                         05000-05000               1
                         05890-05E4A             5BB
                         061AF-07FFF             800
        COMMON           0007D-0007D               1           1
        CONST            04000-04001               2           2
                         05000-05000               1
                         05890-05E4A             100
                         061AF-07FFF             100
        EEDATA           0F000-0F0FF             100           2
        ENTRY            04000-04001               2           2
                         05000-05000               1
                         05890-05E4A             100
                         061AF-07FFF             100
        RAM              0026C-0026F               4           1
                         002DA-002EF              16
                         00360-0036F              10
                         003C0-003EF              30
                         00420-0046F              50
                         004A0-004EF              50
                         00520-0056F              50
                         005A0-005EF              50
                         00620-0066F              50
                         006A0-006EF              50
                         00720-0076F              50
                         007A0-007EF              50
                         00820-0086F              50
                         008A0-008EF              50
                         00920-0096F              50
                         009A0-009EF              50
                         00A20-00A6F              50
                         00AA0-00AEF              50
                         00B20-00B6F              50
                         00BA0-00BEF              50
                         00C20-00C6F              50
                         00CA0-00CEF              50
                         00D20-00D6F              50
                         00DA0-00DEF              50
                         00E20-00E6F              50
                         00EA0-00EEF              50
                         00F20-00F6F              50
                         00FA0-00FEF              50
                         01020-0106F              50
                         010A0-010EF              50
                         01120-0116F              50
                         011A0-011EF              50
                         01220-0126F              50
                         012A0-012EF              50
                         01320-0136F              50
                         013A0-013EF              50
                         01420-0146F              50
                         014A0-014EF              50
                         01520-0156F              50
                         015A0-015EF              50
                         01620-0166F              50
                         016A0-016EF              50
                         01720-0176F              50
                         017A0-017E7              48
        SFR0             00000-0001F              20           1
        SFR1             00080-0009F              20           1
        SFR10            00500-0051F              20           1
        SFR11            00580-0059F              20           1
        SFR12            00600-0061F              20           1
        SFR13            00680-0069F              20           1
        SFR14            00700-0071F              20           1
        SFR15            00780-0079F              20           1
        SFR16            00800-0081F              20           1
        SFR17            00880-0089F              20           1
        SFR18            00900-0091F              20           1
        SFR19            00980-0099F              20           1
        SFR2             00100-0011F              20           1
        SFR20            00A00-00A1F              20           1
        SFR21            00A80-00A9F              20           1
        SFR22            00B00-00B1F              20           1
        SFR23            00B80-00B9F              20           1
        SFR24            00C00-00C1F              20           1
        SFR25            00C80-00C9F              20           1
        SFR26            00D00-00D1F              20           1
        SFR27            00D80-00D9F              20           1
        SFR28            00E00-00E1F              20           1
        SFR29            00E80-00E9F              20           1
        SFR3             00180-0019F              20           1
        SFR30            00F00-00F1F              20           1
        SFR31            00F80-00F9F              20           1
        SFR32            01000-0101F              20           1
        SFR33            01080-0109F              20           1
        SFR34            01100-0111F              20           1
        SFR35            01180-0119F              20           1
        SFR36            01200-0121F              20           1
        SFR37            01280-0129F              20           1
        SFR38            01300-0131F              20           1
        SFR39            01380-0139F              20           1
        SFR4             00200-0021F              20           1
        SFR40            01400-0141F              20           1
        SFR41            01480-0149F              20           1
        SFR42            01500-0151F              20           1
        SFR43            01580-0159F              20           1
        SFR44            01600-0161F              20           1
        SFR45            01680-0169F              20           1
        SFR46            01700-0171F              20           1
        SFR47            01780-0179F              20           1
        SFR48            01800-0181F              20           1
        SFR49            01880-0189F              20           1
        SFR5             00280-0029F              20           1
        SFR50            01900-0191F              20           1
        SFR51            01980-019EF              70           1
        SFR52            01A00-01A6F              70           1
        SFR53            01A80-01AEF              70           1
        SFR54            01B00-01B6F              70           1
        SFR55            01B80-01BEF              70           1
        SFR56            01C00-01C6F              70           1
        SFR57            01C80-01CEF              70           1
        SFR58            01D00-01D6F              70           1
        SFR59            01D80-01DEF              70           1
        SFR6             00300-0031F              20           1
        SFR60            01E00-01E6F              70           1
        SFR61            01E80-01EEF              70           1
        SFR62            01F00-01F6F              70           1
        SFR63            01F80-01FEF              70           1
        SFR7             00380-0039F              20           1
        SFR8             00400-0041F              20           1
        SFR9             00480-0049F              20           1
        STRCODE          04000-04001               2           2
                         05000-05000               1
                         05890-05E4A             5BB
                         061AF-07FFF            1E51
        STRING           04000-04001               2           2
                         05000-05000               1
                         05890-05E4A             100
                         061AF-07FFF             100

                                  Symbol Table

?_Lcd_Write_String                             cstackCOMMON 00074
?__Umul8_16                                    cstackCOMMON 00071
?___aldiv                                      cstackBANK0  00020
?___awdiv                                      cstackCOMMON 00078
?___awmod                                      cstackCOMMON 00071
?___fladd                                      cstackBANK0  00055
?___fldiv                                      cstackBANK0  00026
?___flmul                                      cstackBANK0  00026
?___flneg                                      cstackCOMMON 00071
?___flsub                                      cstackBANK1  000A0
?___fltol                                      cstackBANK0  00055
?___lldiv                                      cstackCOMMON 00071
?___llmod                                      cstackBANK0  00025
?___lmul                                       cstackCOMMON 00071
?___wmul                                       cstackCOMMON 00071
?___xxtofl                                     cstackCOMMON 00071
?__div_to_l_                                   cstackCOMMON 00071
?__doprnt                                      cstackBANK0  0006D
?__tdiv_to_l_                                  cstackCOMMON 00071
?_atol                                         cstackBANK0  00024
?_cncCalcToCruise                              cstackBANK0  0002E
?_convertMMtoSteps                             cstackBANK0  00060
?_convertStepsToMM                             cstackBANK0  00040
?_fround                                       cstackBANK0  00040
?_getAccelTable                                cstackCOMMON 00071
?_getBackTableSpeed                            cstackCOMMON 00078
?_getFrontTableSpeed                           cstackBANK0  0002E
?_getMoveTime                                  cstackBANK0  00040
?_getSpeedTable                                cstackBANK0  0002E
?_getValueCMD                                  cstackBANK0  00060
?_labs                                         cstackCOMMON 00071
?_printf                                       cstackBANK1  000CA
?_scale                                        cstackBANK0  00040
?_sprintf                                      cstackBANK1  000CA
?_velMax                                       cstackCOMMON 00071
EUSART_Read@readValue                          cstackCOMMON 00072
EUSART_SetErrorHandler@interruptHandler        cstackCOMMON 00071
EUSART_SetFramingErrorHandler@interruptHandler cstackCOMMON 00071
EUSART_SetOverrunErrorHandler@interruptHandler cstackCOMMON 00071
EUSART_SetRxInterruptHandler@interruptHandler  cstackCOMMON 00071
EUSART_SetTxInterruptHandler@interruptHandler  cstackCOMMON 00071
EUSART_Write@txData                            cstackCOMMON 00072
IOCBF3_SetInterruptHandler@InterruptHandler    cstackCOMMON 00071
IOCBF4_SetInterruptHandler@InterruptHandler    cstackCOMMON 00071
IOCBF5_SetInterruptHandler@InterruptHandler    cstackCOMMON 00071
Lcd_Cmd@a                                      cstackCOMMON 00073
Lcd_Port@a                                     cstackCOMMON 00071
Lcd_Set_Cursor@a                               cstackCOMMON 00077
Lcd_Set_Cursor@b                               cstackCOMMON 00074
Lcd_Set_Cursor@temp                            cstackCOMMON 0007A
Lcd_Set_Cursor@y                               cstackCOMMON 00079
Lcd_Set_Cursor@z                               cstackCOMMON 00078
Lcd_Write_Char@a                               cstackCOMMON 00073
Lcd_Write_Char@temp                            bssBANK2     0012F
Lcd_Write_Char@y                               bssBANK2     0012E
Lcd_Write_String@a                             cstackCOMMON 00074
Lcd_Write_String@i                             cstackCOMMON 00077
SPI2_SetInterruptHandler@handler               cstackCOMMON 00071
TMR2_SetInterruptHandler@InterruptHandler      cstackCOMMON 00071
_ADACQ                                         (abs)        0009D
_ADACT                                         (abs)        00099
_ADCAP                                         (abs)        0009B
_ADCC_Initialize                               text96       05FE7
_ADCLK                                         (abs)        00098
_ADCON0                                        (abs)        00093
_ADCON1                                        (abs)        00094
_ADCON2                                        (abs)        00095
_ADCON3                                        (abs)        00096
_ADLTHH                                        (abs)        0010F
_ADLTHL                                        (abs)        0010E
_ADPCH                                         (abs)        0009E
_ADPRE                                         (abs)        0009C
_ADREF                                         (abs)        0009A
_ADRPT                                         (abs)        0010D
_ADSTAT                                        (abs)        00097
_ADSTPTH                                       (abs)        00113
_ADSTPTL                                       (abs)        00112
_ADUTHH                                        (abs)        00111
_ADUTHL                                        (abs)        00110
_ANSELA                                        (abs)        01F38
_ANSELB                                        (abs)        01F43
_ANSELC                                        (abs)        01F4E
_ANSELD                                        (abs)        01F59
_ANSELE                                        (abs)        01F64
_BAUD1CON                                      (abs)        0011F
_CLC1CON                                       (abs)        01E10
_CLC1GLS0                                      (abs)        01E16
_CLC1GLS1                                      (abs)        01E17
_CLC1GLS2                                      (abs)        01E18
_CLC1GLS3                                      (abs)        01E19
_CLC1POL                                       (abs)        01E11
_CLC1SEL0                                      (abs)        01E12
_CLC1SEL1                                      (abs)        01E13
_CLC1SEL2                                      (abs)        01E14
_CLC1SEL3                                      (abs)        01E15
_CLC1_Initialize                               text95       05F62
_CLC2CON                                       (abs)        01E1A
_CLC2GLS0                                      (abs)        01E20
_CLC2GLS1                                      (abs)        01E21
_CLC2GLS2                                      (abs)        01E22
_CLC2GLS3                                      (abs)        01E23
_CLC2POL                                       (abs)        01E1B
_CLC2SEL0                                      (abs)        01E1C
_CLC2SEL1                                      (abs)        01E1D
_CLC2SEL2                                      (abs)        01E1E
_CLC2SEL3                                      (abs)        01E1F
_CLC2_Initialize                               text94       05F75
_CLCIN2PPS                                     (abs)        01EBD
_CLKRCLK                                       (abs)        00896
_CLKRCON                                       (abs)        00895
_CLKREF_Initialize                             text93       05E75
_EUSART_DefaultErrorHandler                    text118      05E4B
_EUSART_DefaultFramingErrorHandler             text117      03800
_EUSART_DefaultOverrunErrorHandler             text116      05E51
_EUSART_ErrorHandler                           nvBANK3      001E6
_EUSART_FramingErrorHandler                    nvBANK3      001EA
_EUSART_Initialize                             text87       05394
_EUSART_OverrunErrorHandler                    nvBANK3      001E8
_EUSART_Read                                   text13       05177
_EUSART_Receive_ISR                            text115      052B1
_EUSART_RxDataHandler                          text119      05F9F
_EUSART_RxDefaultInterruptHandler              nvBANK3      001EC
_EUSART_SetErrorHandler                        text92       05E61
_EUSART_SetFramingErrorHandler                 text91       05E7B
_EUSART_SetOverrunErrorHandler                 text90       05E66
_EUSART_SetRxInterruptHandler                  text89       05E81
_EUSART_SetTxInterruptHandler                  text88       05E87
_EUSART_Transmit_ISR                           text114      050F0
_EUSART_TxDefaultInterruptHandler              nvBANK3      001EE
_EUSART_Write                                  text24       05152
_FVRCON                                        (abs)        0090C
_FVR_Initialize                                text86       05E55
_INLVLA                                        (abs)        01F3C
_INLVLB                                        (abs)        01F47
_INLVLC                                        (abs)        01F52
_INLVLD                                        (abs)        01F5D
_INLVLE                                        (abs)        01F68
_INTCONbits                                    (abs)        0000B
_INTERRUPT_InterruptManager                    intentry     00004
_IOCBF3_DefaultInterruptHandler                text108      01C86
_IOCBF3_ISR                                    text113      05EB9
_IOCBF3_InterruptHandler                       nvBANK2      00167
_IOCBF3_SetInterruptHandler                    text83       05E8D
_IOCBF4_DefaultInterruptHandler                text109      02000
_IOCBF4_ISR                                    text112      05EC6
_IOCBF4_InterruptHandler                       nvBANK2      00165
_IOCBF4_SetInterruptHandler                    text82       05E6B
_IOCBF5_DefaultInterruptHandler                text111      03801
_IOCBF5_ISR                                    text107      02800
_IOCBF5_InterruptHandler                       nvBANK2      00163
_IOCBF5_SetInterruptHandler                    text81       05E70
_IOCBFbits                                     (abs)        01F4A
_IOCBNbits                                     (abs)        01F49
_IOCBPbits                                     (abs)        01F48
_Inicia_LCD                                    text97       05EEF
_LATA                                          (abs)        00016
_LATAbits                                      (abs)        00016
_LATB                                          (abs)        00017
_LATBbits                                      (abs)        00017
_LATC                                          (abs)        00018
_LATCbits                                      (abs)        00018
_LATD                                          (abs)        00019
_LATDbits                                      (abs)        00019
_LATE                                          (abs)        0001A
_LATEbits                                      (abs)        0001A
_Lcd_Clear                                     text99       05E99
_Lcd_Cmd                                       text100      05F4F
_Lcd_Init                                      text98       05418
_Lcd_Port                                      text101      05FB7
_Lcd_Set_Cursor                                text49       05354
_Lcd_Write_Char                                text48       05224
_Lcd_Write_String                              text47       050B2
_MSSP2_InterruptHandler                        nvBANK2      00169
_NCO1ACCH                                      (abs)        0058D
_NCO1ACCL                                      (abs)        0058C
_NCO1ACCU                                      (abs)        0058E
_NCO1CLK                                       (abs)        00593
_NCO1CON                                       (abs)        00592
_NCO1CONbits                                   (abs)        00592
_NCO1INCH                                      (abs)        00590
_NCO1INCL                                      (abs)        0058F
_NCO1INCU                                      (abs)        00591
_NCO1_Initialize                               text85       05ED3
_ODCONA                                        (abs)        01F3A
_ODCONB                                        (abs)        01F45
_ODCONC                                        (abs)        01F50
_ODCOND                                        (abs)        01F5B
_ODCONE                                        (abs)        01F66
_OSCCON1                                       (abs)        0088D
_OSCCON3                                       (abs)        0088F
_OSCEN                                         (abs)        00891
_OSCFRQ                                        (abs)        00893
_OSCILLATOR_Initialize                         text84       02001
_OSCTUNE                                       (abs)        00892
[...]
_putch                                         text23       05E59
_scale                                         text20       035A2
_scale$4357                                    cstackBANK0  00050
_sendCMD                                       text16       05131
_sendCMDValue                                  text17       05FCF
_serial                                        bssBANK2     00132
_sprintf                                       text3        03802
_step                                          (abs)        02EF8
_str                                           bssBANK5     002C6
_str1                                          bssBANK4     00254
_str2                                          bssBANK2     0014D
_task10ms                                      text105      05585
_tela                                          bssBANK1     000EB
_timer1ReloadVal                               nvBANK4      00268
_timer5ReloadVal                               nvBANK3      001E4
_velMax                                        text56       0564D
atol@a                                         cstackBANK0  0002D
atol@c                                         cstackBANK0  00032
atol@s                                         cstackBANK0  00031
atol@sign                                      cstackBANK0  0002C
btemp                                          (abs)        0007E
clear_ram0                                     clrtext      05EAD
cncCalcToCruise@S                              cstackBANK0  00036
cncCalcToCruise@V                              cstackBANK0  00032
cncCalcToCruise@a                              cstackBANK0  0003E
cncCalcToCruise@len                            cstackBANK0  0003A
cncCalcToCruise@mv                             cstackBANK0  0002E
cncConfigHome@b                                cstackBANK0  0006F
cncConfigMove@accel                            cstackBANK0  0006A
cncConfigMove@mv                               cstackBANK0  00064
cncConfigMove@speed                            cstackBANK0  00066
cncConfigStop@mask                             cstackCOMMON 00075
cncConfigStop@mv                               cstackCOMMON 00071
cncConfigStop@port                             cstackCOMMON 00073
cncConfigStop@value                            cstackCOMMON 00076
cncEndMove@mv                                  cstackCOMMON 00071
cncHomeMove@mv                                 cstackBANK0  00020
cncHomeMove@t                                  cstackBANK0  0002C
cncHomeMove@timeSteps                          cstackBANK0  0002E
cncHomeMove@varHome                            cstackBANK0  00022
cncManualMove@accel                            cstackBANK1  000AD
cncManualMove@btt                              cstackBANK1  000BA
cncManualMove@max                              cstackBANK1  000AE
cncManualMove@min                              cstackBANK1  000B2
cncManualMove@posEnd                           cstackBANK1  000B6
cncManualMove@speed                            cstackBANK1  000A9
cncMove@mv                                     cstackBANK0  00020
cncMove@t                                      cstackBANK0  0002B
cncMove@timeSteps                              cstackBANK0  0002D
cncMoveTo@accel                                cstackBANK1  000B1
cncMoveTo@pos                                  cstackBANK1  000A9
cncMoveTo@speed                                cstackBANK1  000AD
cncSetPos@e                                    cstackBANK1  000C0
cncSetPos@h                                    cstackBANK1  000B8
cncSetPos@home                                 cstackBANK1  000A8
cncSetPos@s                                    cstackBANK1  000BC
cncSetPos@start                                cstackBANK1  000AC
cncSetPos@stop                                 cstackBANK1  000B0
cncSetPosHome@home                             cstackBANK1  000C4
cncSetPosStart@diff                            cstackBANK1  000C8
cncSetPosStart@start                           cstackBANK1  000C4
cncSetPosStop@stop                             cstackBANK1  000C4
convertMMtoSteps@mm                            cstackBANK0  00060
convertStepsToMM@steps                         cstackBANK0  00040
end_of_initialization                          cinit        000A8
escreve_LCD@c                                  bssBANK2     0012D
escreve_LCD@coluna                             cstackBANK0  00020
escreve_LCD@linha                              cstackBANK0  00023
escreve_LCD@str                                cstackBANK0  00021
exeSerial@cmd                                  cstackBANK1  000E5
fround@prec                                    cstackBANK0  00054
getAccelTable@accel                            cstackCOMMON 00071
getAccelTable@i                                cstackCOMMON 00073
getAccelTable@us                               bssBANK2     0012A
getBackTableSpeed@count                        cstackBANK0  0002C
getBackTableSpeed@i                            cstackBANK0  00024
getBackTableSpeed@ini                          cstackBANK0  00028
getBackTableSpeed@mv                           cstackCOMMON 00078
getFrontTableSpeed@count                       cstackBANK0  00042
getFrontTableSpeed@i                           cstackBANK0  00036
getFrontTableSpeed@ini                         cstackBANK0  0003E
getFrontTableSpeed@len                         cstackBANK0  0003A
getFrontTableSpeed@mv                          cstackBANK0  0002E
getMoveTime@count                              cstackBANK0  0004D
getMoveTime@mv                                 cstackBANK0  00040
getMoveTime@usAcc                              cstackBANK0  00049
getSerial@data                                 bssBANK2     0012C
getSpeedTable@accel                            cstackCOMMON 00079
getSpeedTable@i                                cstackBANK0  0002E
getValueCMD@cmd                                cstackBANK0  00068
getValueCMD@value                              cstackBANK0  00069
int$flags                                      (abs)        0007E
intlevel0                                      functab      00000
intlevel1                                      functab      00000
intlevel2                                      functab      00000
intlevel3                                      functab      00000
intlevel4                                      functab      00000
intlevel5                                      functab      00000
isdigit@c                                      cstackCOMMON 00072
labs@l                                         cstackCOMMON 00071
liberarTeclado@ms                              cstackCOMMON 00071
main@i                                         cstackBANK4  0026A
navCfgMove@soma                                dataBANK2    0016C
navCfgMove@subTela                             cstackBANK1  000E5
navCfgMove@tela                                cstackBANK1  000E4
printf@ap                                      cstackBANK1  000D3
printf@f                                       cstackBANK1  000CA
printf@pb                                      cstackBANK1  000D4
putch@txData                                   cstackCOMMON 00073
reset_vec                                      reset_vec    00000
scale@scl                                      cstackBANK0  00054
sendCMD@cmd                                    cstackBANK1  000E3
sendCMD@value                                  cstackBANK1  000DF
sendCMDValue@cmd                               cstackBANK1  000DE
sendCMDValue@value                             cstackBANK1  000D8
sprintf@ap                                     cstackBANK1  000D7
sprintf@f                                      cstackBANK1  000CC
sprintf@pb                                     cstackBANK1  000D8
sprintf@wh                                     cstackBANK1  000CA
start                                          init         00040
start_initialization                           cinit        00042
velMax@mv                                      cstackCOMMON 00071
wtemp0                                         (abs)        0007E


MODULE INFORMATION

Module		Function		Class		Link	Load	Size
C:\Eletronica\Microchip\xc8\v2.36\pic\sources\c90\common\fleq.c
		___fleq        		CODE           	54A0	0000	73

C:\Eletronica\Microchip\xc8\v2.36\pic\sources\c90\common\fleq.c estimated size: 73

C:\Eletronica\Microchip\xc8\v2.36\pic\sources\c90\common\isdigit.c
		_isdigit       		CODE           	5EE1	0000	14

C:\Eletronica\Microchip\xc8\v2.36\pic\sources\c90\common\isdigit.c estimated size: 14

C:\Eletronica\Microchip\xc8\v2.36\pic\sources\c90\common\sprcadd.c
		___flsub       		CODE           	527E	0000	51
		___fladd       		CODE           	3E1F	0000	481

C:\Eletronica\Microchip\xc8\v2.36\pic\sources\c90\common\sprcadd.c estimated size: 532

C:\Eletronica\Microchip\xc8\v2.36\pic\sources\c90\common\awdiv.c
		___awdiv       		CODE           	4808	0000	82

C:\Eletronica\Microchip\xc8\v2.36\pic\sources\c90\common\awdiv.c estimated size: 82

C:\Eletronica\Microchip\xc8\v2.36\pic\sources\c90\common\fltol.c
		___fltol       		CODE           	55E8	0000	101

C:\Eletronica\Microchip\xc8\v2.36\pic\sources\c90\common\fltol.c estimated size: 101

mcc_generated_files/fvr.c
		_FVR_Initialize		CODE           	5E55	0000	4

mcc_generated_files/fvr.c estimated size: 4

C:\Eletronica\Microchip\xc8\v2.36\pic\sources\c90\common\lbmod.c
		___lbmod       		CODE           	50D1	0000	31

C:\Eletronica\Microchip\xc8\v2.36\pic\sources\c90\common\lbmod.c estimated size: 31

mcc_generated_files/tmr4.c
		_TMR4_Initialize		CODE           	5EFE	0000	15

mcc_generated_files/tmr4.c estimated size: 15

cnc.c
		_cncCalcToCruise		CODE           	3015	0000	288
		_cncHomeMove   		CODE           	38F6	0000	425
		_getSpeedTable 		CODE           	5534	0000	81
		_getFrontTableSpeed		CODE           	3823	0000	211
		_getMoveTime   		CODE           	1C91	0000	263
		_cncSetPos     		CODE           	280D	0000	390
		_cncSetPosHome 		CODE           	4CA8	0000	169
		_cncSetPosStop 		CODE           	578D	0000	115
		_cncSetPosStart		CODE           	4031	0000	248
		_getBackTableSpeed		CODE           	49D6	0000	129
		_cncManualMove 		CODE           	4DFE	0000	203
		_cncMove       		CODE           	1D98	0000	616
		_cncMoveTo     		CODE           	54E9	0000	75
		_cncConfig     		CODE           	4517	0000	368
		_getAccelTable 		CODE           	485A	0000	125
		_convertStepsToMM		CODE           	51CB	0000	44
		_cncTeste      		CODE           	4EC9	0000	311
		_velMax        		CODE           	564D	0000	102
		_cncConfigHome 		CODE           	4129	0000	319
		_cncConfigMove 		CODE           	3C50	0000	463
		_cncConfigStop 		CODE           	5251	0000	45
		_convertMMtoSteps		CODE           	51A0	0000	43
		_cncEndMove    		CODE           	531D	0000	55

cnc.c estimated size: 5088

C:\Eletronica\Microchip\xc8\v2.36\pic\sources\c90\common\aldiv.c
		___aldiv       		CODE           	4955	0000	129

C:\Eletronica\Microchip\xc8\v2.36\pic\sources\c90\common\aldiv.c estimated size: 129

C:\Eletronica\Microchip\xc8\v2.36\pic\sources\c90\common\doprnt.c
		_scale         		CODE           	35A2	0000	606
		_fround        		CODE           	4268	0000	340
		__doprnt       		CODE           	205D	0000	1955

C:\Eletronica\Microchip\xc8\v2.36\pic\sources\c90\common\doprnt.c estimated size: 2901

mcc_generated_files/tmr2.c
		_TMR2_ISR      		CODE           	5EA1	0000	12
		_TMR2_Initialize		CODE           	3000	0000	21
		_TMR2_SetInterruptHandler		CODE           	5001	0000	6
		_TMR2_DefaultInterruptHandler		CODE           	1C87	0000	1

mcc_generated_files/tmr2.c estimated size: 40

mcc_generated_files/interrupt_manager.c
		_INTERRUPT_InterruptManager		CODE           	0004	0000	60

mcc_generated_files/interrupt_manager.c estimated size: 60

C:\Eletronica\Microchip\xc8\v2.36\pic\sources\c90\common\sprintf.c
		_sprintf       		CODE           	3802	0000	33

C:\Eletronica\Microchip\xc8\v2.36\pic\sources\c90\common\sprintf.c estimated size: 33

C:\Eletronica\Microchip\xc8\v2.36\pic\sources\c90\common\Umul8_16.c
		__Umul8_16     		CODE           	5093	0000	31

C:\Eletronica\Microchip\xc8\v2.36\pic\sources\c90\common\Umul8_16.c estimated size: 31

mcc_generated_files/pin_manager.c
		_IOCBF3_DefaultInterruptHandler		CODE           	1C86	0000	1
		_PIN_MANAGER_Initialize		CODE           	56B3	0000	109
		_IOCBF3_ISR    		CODE           	5EB9	0000	13
		_IOCBF5_SetInterruptHandler		CODE           	5E70	0000	5
		_IOCBF4_DefaultInterruptHandler		CODE           	2000	0000	1
		_IOCBF4_ISR    		CODE           	5EC6	0000	13
		_IOCBF3_SetInterruptHandler		CODE           	5E8D	0000	6
		_PIN_MANAGER_IOC		CODE           	5F1D	0000	16
		_IOCBF5_DefaultInterruptHandler		CODE           	3801	0000	1
		_IOCBF5_ISR    		CODE           	2800	0000	13
		_IOCBF4_SetInterruptHandler		CODE           	5E6B	0000	5

mcc_generated_files/pin_manager.c estimated size: 183

mcc_generated_files/nco1.c
		_NCO1_Initialize		CODE           	5ED3	0000	14

mcc_generated_files/nco1.c estimated size: 14

C:\Eletronica\Microchip\xc8\v2.36\pic\sources\c90\common\labs.c
		_labs          		CODE           	5F3D	0000	18

C:\Eletronica\Microchip\xc8\v2.36\pic\sources\c90\common\labs.c estimated size: 18

C:\Eletronica\Microchip\xc8\v2.36\pic\sources\c90\common\atol.c
		_atol          		CODE           	4A57	0000	132

C:\Eletronica\Microchip\xc8\v2.36\pic\sources\c90\common\atol.c estimated size: 132

mcc_generated_files/clkref.c
		_CLKREF_Initialize		CODE           	5E75	0000	6

mcc_generated_files/clkref.c estimated size: 6

C:\Eletronica\Microchip\xc8\v2.36\pic\sources\c90\common\flneg.c
		___flneg       		CODE           	1C88	0000	9

C:\Eletronica\Microchip\xc8\v2.36\pic\sources\c90\common\flneg.c estimated size: 9

mcc_generated_files/clc2.c
		_CLC2_Initialize		CODE           	5F75	0000	19

mcc_generated_files/clc2.c estimated size: 19

com.c
		_exeSerial     		CODE           	48D7	0000	126
		_getValueCMD   		CODE           	43BC	0000	347
		_getSerial     		CODE           	5720	0000	109
		_sendCMD       		CODE           	5131	0000	33
		_sendCMDValue  		CODE           	5FCF	0000	24

com.c estimated size: 639

C:\Eletronica\Microchip\xc8\v2.36\pic\sources\c90\common\ftdivl.c
		__tdiv_to_l_   		CODE           	4C0C	0000	156

C:\Eletronica\Microchip\xc8\v2.36\pic\sources\c90\common\ftdivl.c estimated size: 156

C:\Eletronica\Microchip\xc8\v2.36\pic\sources\c90\common\lbdiv.c
		___lbdiv       		CODE           	5110	0000	33

C:\Eletronica\Microchip\xc8\v2.36\pic\sources\c90\common\lbdiv.c estimated size: 33

C:\Eletronica\Microchip\xc8\v2.36\pic\sources\c90\common\flge.c
		___flge        		CODE           	4D51	0000	173

C:\Eletronica\Microchip\xc8\v2.36\pic\sources\c90\common\flge.c estimated size: 173

C:\Eletronica\Microchip\xc8\v2.36\pic\sources\c90\common\Umul16.c
		___wmul        		CODE           	5020	0000	27

C:\Eletronica\Microchip\xc8\v2.36\pic\sources\c90\common\Umul16.c estimated size: 27

tasks.c
		_task10ms      		CODE           	5585	0000	99
		_btFunc        		CODE           	5074	0000	31

tasks.c estimated size: 130

C:\Eletronica\Microchip\xc8\v2.36\pic\sources\c90\common\fldivl.c
		__div_to_l_    		CODE           	4B71	0000	155

C:\Eletronica\Microchip\xc8\v2.36\pic\sources\c90\common\fldivl.c estimated size: 155

mcc_generated_files/tmr5.c
		_TMR5_Initialize		CODE           	5F88	0000	23

mcc_generated_files/tmr5.c estimated size: 23

shared
		__powers_      		STRCODE        	5800	0000	52
		_dpowers       		STRCODE        	5868	0000	40
		_acce200       		STRCODE        	00AC	0000	7130
		__npowers_     		STRCODE        	5834	0000	52
		__initialization		CODE           	0042	0000	102
		_spi2_configuration		STRCODE        	0000	0000	0

shared estimated size: 7376

C:\Eletronica\Microchip\xc8\v2.36\pic\sources\c90\common\sprcmul.c
		___flmul       		CODE           	3135	0000	536

C:\Eletronica\Microchip\xc8\v2.36\pic\sources\c90\common\sprcmul.c estimated size: 536

mcc_generated_files/mcc.c
		_PMD_Initialize		CODE           	4800	0000	8
		_OSCILLATOR_Initialize		CODE           	2001	0000	9
		_SYSTEM_Initialize		CODE           	51F7	0000	45

mcc_generated_files/mcc.c estimated size: 62

C:\Eletronica\Microchip\xc8\v2.36\pic\sources\c90\common\printf.c
		_printf        		CODE           	503B	0000	27

C:\Eletronica\Microchip\xc8\v2.36\pic\sources\c90\common\printf.c estimated size: 27

C:\Eletronica\Microchip\xc8\v2.36\pic\sources\c90\common\sprcdiv.c
		___fldiv       		CODE           	4687	0000	377

C:\Eletronica\Microchip\xc8\v2.36\pic\sources\c90\common\sprcdiv.c estimated size: 377

C:\Eletronica\Microchip\xc8\v2.36\pic\sources\c90\common\awmod.c
		___awmod       		CODE           	545B	0000	69

C:\Eletronica\Microchip\xc8\v2.36\pic\sources\c90\common\awmod.c estimated size: 69

mcc_generated_files/tmr1.c
		_TMR1_Initialize		CODE           	5F2D	0000	16

mcc_generated_files/tmr1.c estimated size: 16

lcd.c
		_Lcd_Write_String		CODE           	50B2	0000	31
		_Inicia_LCD    		CODE           	5EEF	0000	15
		_Lcd_Init      		CODE           	5418	0000	67
		_escreve_LCD   		CODE           	52E7	0000	54
		_Lcd_Write_Char		CODE           	5224	0000	45
		_Lcd_Cmd       		CODE           	5F4F	0000	19
		_Lcd_Set_Cursor		CODE           	5354	0000	64
		_Lcd_Clear     		CODE           	5E99	0000	8
		_Lcd_Port      		CODE           	5FB7	0000	24

lcd.c estimated size: 327

C:\Eletronica\Microchip\xc8\v2.36\pic\sources\c90\common\llmod.c
		___llmod       		CODE           	53D6	0000	66

C:\Eletronica\Microchip\xc8\v2.36\pic\sources\c90\common\llmod.c estimated size: 66

C:\Eletronica\Microchip\xc8\v2.36\pic\sources\c90\common\Umul32.c
		___lmul        		CODE           	4002	0000	47

C:\Eletronica\Microchip\xc8\v2.36\pic\sources\c90\common\Umul32.c estimated size: 47

mcc_generated_files/eusart.c
		_EUSART_SetRxInterruptHandler		CODE           	5E81	0000	6
		_EUSART_SetTxInterruptHandler		CODE           	5E87	0000	6
		_putch         		CODE           	5E59	0000	4
		_EUSART_Read   		CODE           	5177	0000	41
		_EUSART_DefaultOverrunErrorHandler		CODE           	5E51	0000	4
		_EUSART_Write  		CODE           	5152	0000	37
		_EUSART_DefaultErrorHandler		CODE           	5E4B	0000	3
		_EUSART_Transmit_ISR		CODE           	50F0	0000	32
		_EUSART_Initialize		CODE           	5394	0000	66
		_EUSART_SetFramingErrorHandler		CODE           	5E7B	0000	6
		_EUSART_SetErrorHandler		CODE           	5E61	0000	5
		_EUSART_SetOverrunErrorHandler		CODE           	5E66	0000	5
		_getch         		CODE           	5E4E	0000	3
		_EUSART_Receive_ISR		CODE           	52B1	0000	54
		_EUSART_RxDataHandler		CODE           	5F9F	0000	24
		_EUSART_DefaultFramingErrorHandler		CODE           	3800	0000	1

mcc_generated_files/eusart.c estimated size: 297

mcc_generated_files/spi2.c
		_SPI2_Isr      		CODE           	5F0D	0000	16
		_SPI2_Initialize		CODE           	5056	0000	30
		_SPI2_SetInterruptHandler		CODE           	5E93	0000	6

mcc_generated_files/spi2.c estimated size: 52

mcc_generated_files/adcc.c
		_ADCC_Initialize		CODE           	5FE7	0000	25

mcc_generated_files/adcc.c estimated size: 25

main.c
		_main          		CODE           	334D	0000	597

main.c estimated size: 597

C:\Eletronica\Microchip\xc8\v2.36\pic\sources\c90\common\__lldiv.c
		___lldiv       		CODE           	200A	0000	83

C:\Eletronica\Microchip\xc8\v2.36\pic\sources\c90\common\__lldiv.c estimated size: 83

C:\Eletronica\Microchip\xc8\v2.36\pic\sources\c90\common\xxtofl.c
		___xxtofl      		CODE           	4ADB	0000	150

C:\Eletronica\Microchip\xc8\v2.36\pic\sources\c90\common\xxtofl.c estimated size: 150

telas.c
		_liberarTeclado		CODE           	5007	0000	25
		_navCfgMove    		CODE           	2993	0000	1645
		_navCfgControl 		CODE           	0002	0000	1
		_navCfgEspera  		CODE           	0003	0000	1
		_navTelas      		CODE           	3A9F	0000	433

telas.c estimated size: 2105

mcc_generated_files/clc1.c
		_CLC1_Initialize		CODE           	5F62	0000	19

mcc_generated_files/clc1.c estimated size: 19

